com.github.bannmann.maven.probe.its:redundant-subtrees:jar:0.0.1-SNAPSHOT
├── com.example:niranka:jar:7.1
│   ├── com.example:privil:jar:2.0
│   └── com.example:kesh:jar:2.6.1
└── com.example:zerish:jar:1.0
    ├── com.example:ginexi:jar:0.3
    │   ├── com.example:donk:jar:3.2
    │   └── com.example:bexac:jar:0.9
    └── com.example:niranka:jar:7.1
        ├── com.example:privil:jar:2.0
        └── com.example:kesh:jar:2.6.1
